// Jest Snapshot v1, https://goo.gl/fbAQLP

exports[`UserListItem renders correctly 1`] = `
<div>
  <div
    class="user-list-item"
  >
    <div>
      first
    </div>
     
    <div
      style="display: flex;"
    >
      <!---->
       
      <!---->
       
      <!---->
    </div>
  </div>
</div>
`;
